src/__tests__/diffViewer.regression.test.tsx(103,9): error TS2322: Type '"wf2"' is not assignable to type 'WorkflowMode'.
src/__tests__/diffViewer.regression.test.tsx(146,9): error TS2322: Type '"wf2"' is not assignable to type 'WorkflowMode'.
src/__tests__/diffViewer.regression.test.tsx(185,9): error TS2322: Type '"wf2"' is not assignable to type 'WorkflowMode'.
src/__tests__/utils.test.ts(75,22): error TS2345: Argument of type '"SADMIN"' is not assignable to parameter of type 'Role'.
src/app/dashboard/brd/reuploadSummary.ts(63,29): error TS2322: Type 'unknown' is not assignable to type 'number'.
src/app/dashboard/brd/reuploadSummary.ts(63,79): error TS18046: 'sum' is of type 'unknown'.
